// Jest Snapshot v1, https://goo.gl/fbAQLP

exports[`++++ <Sidebar /> ++++ Renders correctly 1`] = `
<Styled(MuiBox)>
  <Connect(FavoriteCitiesList) />
</Styled(MuiBox)>
`;
