// Jest Snapshot v1, https://goo.gl/fbAQLP

exports[`++++ <Home /> ++++ Renders correctly 1`] = `
<div
  className="home"
>
  <img
    alt="Fun sun gif animation"
    className="sun"
    src=""
  />
</div>
`;
